// Jest Snapshot v1, https://goo.gl/fbAQLP

exports[`snapshot 1`] = `
<footer>
  <p>
    This is a Footer
  </p>
</footer>
`;
